render pod annotations:
  1: |
    checksum/config: 7c7ebe4a05dd6fa733504c010a38c7a2dae37f5457e5ee8c21182c5cbc566c9e
    fixed-annotation: some-fixed-annotation
    templated-annotations: my-release
